// Jest Snapshot v1, https://goo.gl/fbAQLP

exports[`CategorySelect renders correctly 1`] = `
<DocumentFragment>
  <div>
    <div
      class="live_questions__select u-spacer-bottom"
    >
      <label
        for="categorySelect"
      >
        Affiliation*
      </label>
      <div
        class="form-hint"
      >
        Answered questions will be displayed in the statistics according to the chosen affiliation.
      </div>
      <select
        class="form-select"
        data-minimum-results-for-search="Infinity"
        id="categorySelect"
        name="categorySelect"
        required=""
      >
        <option
          value=""
        >
          --------
        </option>
        <option
          value="123"
        >
          category1
        </option>
        <option
          value="124"
        >
          category2
        </option>
      </select>
    </div>
  </div>
</DocumentFragment>
`;
