// Jest Snapshot v1, https://goo.gl/fbAQLP

exports[`Budgeting Proposal List component renders a list when there are no items 1`] = `
<DocumentFragment>
  <div
    class="module-content--light"
  >
    <div
      class="l-wrapper"
    >
      <div
        class="l-center-8"
      >
        <span>
          mock text
        </span>
      </div>
    </div>
  </div>
</DocumentFragment>
`;
